// Jest Snapshot v1, https://goo.gl/fbAQLP

exports[`Index Page matches the snapshot 1`] = `
<div
  className="container"
  data-test="component-index-page"
>
  <h1>
    Jotto
  </h1>
  <Congrats
    success={false}
  />
  <Connect(UnConnectedInput) />
  <GuessedWords
    guessedWords={Array []}
  />
</div>
`;
